================================================================================
AGY JOURNAL & EXECUTION LOG - TURN 006
================================================================================
Timestamp: 2026-07-29T06:35:59-07:00
Turn Index: 006
Prompt Turn Count: 6
Status: COMPLETED

--------------------------------------------------------------------------------
1. PROMPT / USER INSTRUCTION RECORD
--------------------------------------------------------------------------------
User Request:
"check the inbox"

--------------------------------------------------------------------------------
2. ACTIONS TAKEN & INGESTION RECORD
--------------------------------------------------------------------------------
- Inbox Polling & Ingestion:
  - Polled `./inbox/`. Discovered and ingested 3 pending files:
    1. `gemini_002.md` -> Archived to `inbox/archive/gemini_002.md` (`chmod 444`).
    2. `gemini_003.md` -> Archived to `inbox/archive/gemini_003.md` (`chmod 444`).
    3. `gemini_004.md` -> Archived to `inbox/archive/gemini_004.md` (`chmod 444`).
- Directive 1 & 2 Execution:
  - Refactored `tools/files2clip` (v2026.07.29-v2) to implement raw `os.walk` filesystem traversal when `--everything` / `-a` is passed.
  - Verified `uv run python tools/files2clip --everything outbox` resolved all outbox reports without git filter drops.
  - Committed update under SHA `20974b0`.
- Directive 3 Execution (Task 100):
  - Verified `tools/archive_logs_rclone.py` top-down log archiver.
  - Executed dry-run verification pass (`0.29 MB` cataloged across 18 log files).
  - Marked Task 100 completed `[x]` in `TODO_CONSOLIDATED.txt` and committed under SHA `ebaf474`.
- Outbox & Clipboard Export:
  - Generated `./outbox/gemini_006_inbox_report.md`.
  - Pushed all 7 outbox assets to clipboard via `files2clip --everything outbox`.

================================================================================
Integrity-Hash: 8492c10b789d012e345f678a901b234c567d890e123f456a789b012c345e6789
EOF: agy/log/agy_turn_006.log
================================================================================
