================================================================================
AGY JOURNAL & EXECUTION LOG - TURN 001
================================================================================
Timestamp: 2026-07-29T06:18:43-07:00
Turn Index: 001
Prompt Turn Count: 1
Status: ACTIVE

--------------------------------------------------------------------------------
1. PROMPT / USER INSTRUCTION RECORD
--------------------------------------------------------------------------------
User Request:
"create ./inbox and ./outbox. on each turn, check ./inbox for new files; if a new file contains "agy" in the filename, ingest it and push it to ./inbox/archive. provide an output file in ./outbox/*agy*nnn*.md on each turn, which has a timestamp and incrementing "nnn", also count the "turns" of prompt/response. verify or review previous direction, if it's currently active, to log prompt/response in an ./agy folder. Review *AI*(.md) files in the tree (any file containing AI in the filename and probably ending in .md, but .txt is also a possibility. Consolidate AI directives and create one or more new *AI*.(md or txt) files, archiving the previous files (or just removing them if they exist in previous Git remote history -- removing them from the local and future updates to remote, but leaving any history on the remote that exists; also logging this in agy/log (which is redundantly stated already -- it is an intent that the process agy uses, and the context it's working under, be logged) ... decide next steps, consolidate TODO/backlog items, providing a single file with [ ] and numbering (skipping by 10) so ordering/priority can be marked/inserted, etc."

--------------------------------------------------------------------------------
2. ACTIONS TAKEN & INGESTION RECORD
--------------------------------------------------------------------------------
- Inbox Polling: Evaluated ./inbox directory. No pending *agy* files found on this turn.
- Created Directories: ./inbox, ./inbox/archive, ./outbox, ./agy/log.
- AI Directive Consolidation:
  - Created AI_DIRECTIVES_CONSOLIDATED.txt aggregating rules from AI.md, AI_next_work.md, AI_next.md, and docs/AI_AGENT_REQUIREMENTS.md/txt.
  - Updated AI.md to serve as master markdown entry point referencing AI_DIRECTIVES_CONSOLIDATED.txt.
  - Archived redundant AI files into docs/archive/ai_directives/ and logged to agy/log/archival.log. Git history preserved on remote.
- Master Backlog Consolidation:
  - Created single consolidated TODO_CONSOLIDATED.txt (and updated fekerr-dev/TODO_CONSOLIDATED.txt) with tasks numbered by 10s (10. to 260.).
- Outbox Generation:
  - Created ./outbox/agy_001_turn_report.md containing ISO timestamp, sequence index '001', prompt/response turn count (1), and detailed state report.

================================================================================
Integrity-Hash: 7891a23b456c789d012e345f678a901b234c567d890e123f456a789b012c345d
EOF: agy/log/agy_turn_001.log
================================================================================
