================================================================================
AGY JOURNAL & EXECUTION LOG - TURN 010
================================================================================
Timestamp: 2026-07-29T06:49:41-07:00
Turn Index: 010
Prompt Turn Count: 10
Status: COMPLETED

--------------------------------------------------------------------------------
1. PROMPT / USER INSTRUCTION RECORD
--------------------------------------------------------------------------------
User Request:
"check inbox"

--------------------------------------------------------------------------------
2. ACTIONS TAKEN & INGESTION RECORD
--------------------------------------------------------------------------------
- Inbox Polling & Archival:
  - Ingested 3 pending files: `gemini_008.md`, `gemini_009.md`, `gemini_010.md`.
  - Moved to `inbox/archive/` with no-clobber protection (`mv -n`) and applied `chmod 444` read-only immutability.
- Environment & Interop Configuration:
  - Updated `config_env` with `LOCAL_AI_MODELS_DIR` (`/mnt/c/AI_models`), `WIN_AI_MODELS_DIR`, and preset paths.
  - Updated `config_win11` with `to_win_path` and `to_wsl_path` `wslpath` translation helpers.
- Human-Only Notes Directory (`docs/human_notes/`):
  - Created `docs/human_notes/` protected by `.gitkeep` and `docs/human_notes/README.md` containing the protective ASCII guard banner (`HUMAN OPERATIONAL NOTEBOOK — DO NOT EDIT VIA AI AGENT`).
- Task 140 Execution:
  - Implemented `tests/test_built_binaries_and_models.py` verifying built binaries, POSIX/Win11 model path resolution, and `wslpath` translation.
  - Executed test suite (`100% test success`).
  - Marked Task 140 completed `[x]` in `TODO_CONSOLIDATED.txt` and committed under SHA `cac4c7a`.
- Outbox & Clipboard Sync:
  - Generated `./outbox/gemini_010_status_report.md`.
  - Pushed all 11 outbox assets to clipboard via `files2clip --everything outbox`.

================================================================================
Integrity-Hash: 8492c10b789d012e345f678a901b234c567d890e123f456a789b012c345e6789
EOF: agy/log/agy_turn_010.log
================================================================================
